npm warn Unknown env config "devdir". This will stop working in the next major version of npm. See `npm help npmrc` for supported config options.

> nametochinese@0.1.0 build
> next build

⚠ Warning: Next.js inferred your workspace root, but it may not be correct.
 We detected multiple lockfiles and selected the directory of /Users/nanewmac/package-lock.json as the root directory.
 To silence this warning, set `turbopack.root` in your Next.js config, or consider removing one of the lockfiles if it's not needed.
   See https://nextjs.org/docs/app/api-reference/config/next-config-js/turbopack#root-directory for more information.
 Detected additional lockfiles: 
   * /Users/nanewmac/Desktop/nametochinese/package-lock.json

▲ Next.js 16.2.6 (Turbopack)
- Environments: .env.local

⚠ The "middleware" file convention is deprecated. Please use "proxy" instead. Learn more: https://nextjs.org/docs/messages/middleware-to-proxy
  Creating an optimized production build ...
✓ Compiled successfully in 3.7s
  Running TypeScript ...
  Finished TypeScript in 2.0s ...
  Collecting page data using 7 workers ...
  Generating static pages using 7 workers (0/21) ...
  Generating static pages using 7 workers (5/21) 
  Generating static pages using 7 workers (10/21) 
  Generating static pages using 7 workers (15/21) 
✓ Generating static pages using 7 workers (21/21) in 224ms
  Finalizing page optimization ...

Route (app)
┌ ○ /
├ ○ /_not-found
├ ƒ /api/country-languages
├ ƒ /api/pinyin-lookup
├ ƒ /api/search
├ ƒ /api/search-ja
├ ƒ /api/search-ko
├ ƒ /api/search-ru
├ ƒ /api/transliterate
├ ○ /convert
├ ○ /en
├ ○ /ja
├ ○ /ko
├ ○ /naming-rules
├ ○ /naming-rules/sinosphere
├ ○ /pinyin
├ ○ /robots.txt
├ ○ /ru
├ ○ /sitemap.xml
└ ○ /zh-convert


ƒ Proxy (Middleware)

○  (Static)   prerendered as static content
ƒ  (Dynamic)  server-rendered on demand

npm notice
npm notice New minor version of npm available! 11.12.1 -> 11.15.0
npm notice Changelog: https://github.com/npm/cli/releases/tag/v11.15.0
npm notice To update run: npm install -g npm@11.15.0
npm notice
